// Jest Snapshot v1, https://goo.gl/fbAQLP

exports[`AppLoader component should have a proper style generator 1`] = `
Object {
  "card": Object {
    "marginTop": 8,
  },
  "divider": Object {
    "border": 0,
    "borderTop": "1px solid test3",
    "opacity": 0.1,
  },
  "title": Object {
    "color": "test3",
    "fontSize": undefined,
    "fontWeight": 500,
    "opacity": 0.85,
  },
  "titlePortion": Object {
    "marginLeft": -4,
  },
}
`;
