// Jest Snapshot v1, https://goo.gl/fbAQLP

exports[`Component InlineLoader should render as expected 1`] = `
<div
  style={
    Object {
      "padding": 8,
    }
  }
>
  <ForwardRef(Grid)
    alignContent="center"
    alignItems="center"
    container={true}
    direction="row"
    justifyContent="center"
    spacing={1}
  >
    <ForwardRef(Grid)
      item={true}
      sx={
        Object {
          "display": Object {
            "sm": "none",
            "xs": "block",
          },
        }
      }
      xs={true}
    />
    <ForwardRef(Grid)
      item={true}
      style={
        Object {
          "textAlign": "center",
        }
      }
      xs="auto"
    >
      <ForwardRef(CircularProgress)
        aria-label="Loading"
        color="primary"
        size={18}
        thickness={2}
      />
    </ForwardRef(Grid)>
    <ForwardRef(Grid)
      item={true}
      style={
        Object {
          "textAlign": "center",
        }
      }
      xs="auto"
    >
      <ForwardRef(Typography)
        color="primary"
        component="span"
        style={
          Object {
            "fontSize": "1.33rem",
          }
        }
        variant="h5"
      >
        This is a tst
      </ForwardRef(Typography)>
    </ForwardRef(Grid)>
    <ForwardRef(Grid)
      item={true}
      sx={
        Object {
          "display": Object {
            "sm": "none",
            "xs": "block",
          },
        }
      }
      xs={true}
    />
  </ForwardRef(Grid)>
</div>
`;
