// Jest Snapshot v1, https://goo.gl/fbAQLP

exports[`JournalAdminInterface component should render a title with html correctly 1`] = `
<div>
  <div
    class="empty"
  />
</div>
`;

exports[`JournalAdminInterface component tabbed should display successful alert 1`] = `
<div
  aria-hidden="true"
>
  <div
    class="MuiGrid-root MuiGrid-container StandardPage css-11lq3yg-MuiGrid-root"
  >
    <div
      class="MuiGrid-root MuiGrid-item MuiGrid-grid-xs-12 css-1idn90j-MuiGrid-root"
    />
    <div
      class="MuiGrid-root MuiGrid-item css-1guqyqn-MuiGrid-root"
    >
      <form>
        <div
          class="MuiGrid-root MuiGrid-container css-1vam7s3-MuiGrid-root"
          style="margin-top: -24px;"
        >
          <span
            class="MuiBox-root css-0"
            data-testid="confirmDialogBox"
          />
          <div
            class="MuiGrid-root MuiGrid-item MuiGrid-grid-xs-true css-1vd824g-MuiGrid-root"
            style="margin-bottom: 12px;"
          >
            <h2
              class="MuiTypography-root MuiTypography-h2 css-ba1fpr-MuiTypography-root"
              style="font-size: 18px; font-weight: 400;"
            >
              Edit journal - Advanced Nonlinear Studies
            </h2>
          </div>
          <div
            class="MuiGrid-root MuiGrid-item MuiGrid-grid-xs-auto css-19f36ay-MuiGrid-root"
          >
            <div
              class="MuiGrid-root MuiGrid-container css-1vam7s3-MuiGrid-root"
            >
              <div
                class="MuiGrid-root MuiGrid-item css-13i4rnv-MuiGrid-root"
              >
                <span
                  class="MuiSwitch-root MuiSwitch-sizeMedium css-julti5-MuiSwitch-root"
                >
                  <span
                    aria-label="Switch to full form mode"
                    class="MuiButtonBase-root MuiSwitch-switchBase MuiSwitch-colorPrimary Mui-checked PrivateSwitchBase-root MuiSwitch-switchBase MuiSwitch-colorPrimary Mui-checked Mui-checked css-vcrlc8-MuiButtonBase-root-MuiSwitch-switchBase"
                    data-mui-internal-clone-element="true"
                  >
                    <input
                      checked=""
                      class="PrivateSwitchBase-input MuiSwitch-input css-1m9pwf3"
                      type="checkbox"
                      value="tabbed"
                    />
                    <span
                      class="MuiSwitch-thumb css-jsexje-MuiSwitch-thumb"
                    />
                  </span>
                  <span
                    class="MuiSwitch-track css-1yjjitx-MuiSwitch-track"
                  />
                </span>
              </div>
              <div
                class="MuiGrid-root MuiGrid-item css-13i4rnv-MuiGrid-root"
              >
                <button
                  aria-label="Learn about keyboard shortcuts"
                  class="MuiButtonBase-root MuiIconButton-root MuiIconButton-sizeMedium css-whz9ym-MuiButtonBase-root-MuiIconButton-root"
                  data-analyticsid="help-icon"
                  data-mui-internal-clone-element="true"
                  data-testid="help-icon"
                  id="help-icon"
                  tabindex="0"
                  type="button"
                >
                  <svg
                    class="MuiSvgIcon-root MuiSvgIcon-fontSizeMedium css-16iszhv-MuiSvgIcon-root"
                    data-testid="KeyboardIcon"
                    focusable="false"
                    role="img"
                    viewBox="0 0 24 24"
                  >
                    <path
                      d="M20 5H4c-1.1 0-1.99.9-1.99 2L2 17c0 1.1.9 2 2 2h16c1.1 0 2-.9 2-2V7c0-1.1-.9-2-2-2zm-9 3h2v2h-2V8zm0 3h2v2h-2v-2zM8 8h2v2H8V8zm0 3h2v2H8v-2zm-1 2H5v-2h2v2zm0-3H5V8h2v2zm9 7H8v-2h8v2zm0-4h-2v-2h2v2zm0-3h-2V8h2v2zm3 3h-2v-2h2v2zm0-3h-2V8h2v2z"
                    />
                    <title>
                      Learn about keyboard shortcuts
                    </title>
                  </svg>
                </button>
              </div>
            </div>
          </div>
          <div
            class="MuiGrid-root MuiGrid-container MuiGrid-spacing-xs-1 css-a5rdam-MuiGrid-root"
          >
            <div
              class="MuiGrid-root MuiGrid-item MuiGrid-grid-xs-12 css-1idn90j-MuiGrid-root"
            >
              <div
                class="MuiGrid-root MuiGrid-container MuiGrid-spacing-xs-1 css-a5rdam-MuiGrid-root"
                style="margin-bottom: 8px; margin-top: 4px;"
              >
                <div
                  class="MuiGrid-root MuiGrid-item MuiGrid-grid-xs-12 MuiGrid-grid-sm-2 css-63b4os-MuiGrid-root"
                >
                  <button
                    class="MuiButtonBase-root MuiButton-root MuiButton-contained MuiButton-containedSecondary MuiButton-sizeMedium MuiButton-containedSizeMedium MuiButton-fullWidth MuiButton-root MuiButton-contained MuiButton-containedSecondary MuiButton-sizeMedium MuiButton-containedSizeMedium MuiButton-fullWidth css-tha848-MuiButtonBase-root-MuiButton-root"
                    data-analyticsid="admin-work-cancel-top"
                    data-testid="admin-work-cancel-top"
                    id="admin-work-cancel-top"
                    style="white-space: nowrap;"
                    tabindex="0"
                    type="button"
                  >
                    Cancel
                  </button>
                </div>
                <div
                  class="MuiGrid-root MuiGrid-item MuiGrid-grid-xs-12 MuiGrid-grid-sm-true css-cyocdy-MuiGrid-root"
                >
                  <button
                    class="MuiButtonBase-root MuiButton-root MuiButton-contained MuiButton-containedPrimary MuiButton-sizeMedium MuiButton-containedSizeMedium MuiButton-fullWidth MuiButton-root MuiButton-contained MuiButton-containedPrimary MuiButton-sizeMedium MuiButton-containedSizeMedium MuiButton-fullWidth css-1duotrm-MuiButtonBase-root-MuiButton-root"
                    data-analyticsid="submit-admin-top"
                    data-testid="submit-admin-top"
                    id="admin-work-submit-top"
                    style="white-space: nowrap;"
                    tabindex="0"
                    type="button"
                  >
                    Save
                  </button>
                </div>
              </div>
            </div>
          </div>
          <div
            class="MuiGrid-root MuiGrid-container css-q4lr8y-MuiGrid-root"
          >
            <div
              class="MuiGrid-root MuiGrid-item MuiGrid-grid-xs-12 css-1idn90j-MuiGrid-root"
            >
              <div
                class="MuiTabs-root css-1ujrioy-MuiTabs-root"
              >
                <div
                  class="MuiTabs-scroller MuiTabs-fixed css-jpln7h-MuiTabs-scroller"
                  style="overflow: hidden; margin-bottom: 0px;"
                >
                  <div
                    class="MuiTabs-flexContainer css-heg063-MuiTabs-flexContainer"
                    role="tablist"
                  >
                    <button
                      aria-selected="true"
                      class="MuiButtonBase-root MuiTab-root MuiTab-textColorPrimary Mui-selected css-6udnkp-MuiButtonBase-root-MuiTab-root"
                      data-analyticsid="admin-tab"
                      data-testid="admin-tab"
                      role="tab"
                      tabindex="0"
                      type="button"
                    >
                      Admin
                    </button>
                  </div>
                  <span
                    class="MuiTabs-indicator css-14t6lgd-MuiTabs-indicator"
                    style="left: 0px; width: 0px;"
                  />
                </div>
              </div>
            </div>
          </div>
        </div>
        <div
          class="MuiGrid-root MuiGrid-container css-11lq3yg-MuiGrid-root"
        >
          <div
            class="MuiGrid-root MuiGrid-item MuiGrid-grid-xs-12 css-1idn90j-MuiGrid-root"
          >
            <div
              class="MuiPaper-root MuiPaper-elevation MuiPaper-rounded MuiPaper-elevation1 MuiCard-root StandardCard css-985319-MuiPaper-root-MuiCard-root"
              data-testid="admin-section"
              id="admin-section"
            >
              <div
                class="MuiCardHeader-root css-kwhtn-MuiCardHeader-root"
              >
                <div
                  class="MuiCardHeader-content css-1qbkelo-MuiCardHeader-content"
                >
                  <h3
                    class="MuiTypography-root MuiTypography-h6 MuiCardHeader-title css-7n68d0-MuiTypography-root"
                    data-testid="admin-section-header"
                    id="admin-section-header"
                  >
                    Admin
                  </h3>
                </div>
              </div>
              <div
                class="MuiCardContent-root css-46bh2p-MuiCardContent-root"
                data-analyticsid="admin-section-content"
                data-testid="admin-section-content"
                id="admin-section-content"
              >
                <field
                  disabled="false"
                  is="mock"
                  name="adminSection"
                />
              </div>
            </div>
          </div>
        </div>
        <div
          class="MuiGrid-root MuiGrid-container MuiGrid-spacing-xs-1 css-a5rdam-MuiGrid-root"
        >
          <div
            class="MuiGrid-root MuiGrid-item MuiGrid-grid-xs-12 css-1idn90j-MuiGrid-root"
          >
            <div
              style="height: 16px;"
            />
            <div
              data-testid="alert"
              style="margin-top: 5px;"
            >
              <div
                class="MuiGrid-root MuiGrid-container css-1pzs6xa-MuiGrid-root"
                data-analyticsid="alert-done"
                data-testid="alert-done"
                id="alert-done"
              >
                <div
                  class="MuiGrid-root MuiGrid-item MuiGrid-grid-xs-12 MuiGrid-grid-sm-true css-cyocdy-MuiGrid-root"
                >
                  <div
                    class="MuiGrid-root MuiGrid-container css-1k6h6af-MuiGrid-root"
                  >
                    <div
                      class="MuiGrid-root MuiGrid-item alert-icon css-sco6ic-MuiGrid-root"
                    >
                      <svg
                        aria-hidden="true"
                        class="MuiSvgIcon-root MuiSvgIcon-fontSizeMedium icon css-i4bv87-MuiSvgIcon-root"
                        data-testid="DoneIcon"
                        focusable="false"
                        id="done-icon"
                        viewBox="0 0 24 24"
                      >
                        <path
                          d="M9 16.2 4.8 12l-1.4 1.4L9 19 21 7l-1.4-1.4L9 16.2z"
                        />
                      </svg>
                    </div>
                    <div
                      class="MuiGrid-root MuiGrid-item MuiGrid-grid-xs-true alert-text css-1ux0ax1-MuiGrid-root"
                    >
                      <b>
                        Success - 
                      </b>
                      Work has been saved successfully
                    </div>
                  </div>
                </div>
              </div>
            </div>
          </div>
          <div
            class="MuiGrid-root MuiGrid-item MuiGrid-grid-xs-12 css-1idn90j-MuiGrid-root"
          >
            <div
              class="MuiGrid-root MuiGrid-container MuiGrid-spacing-xs-1 css-a5rdam-MuiGrid-root"
              style="margin-top: 8px;"
            >
              <div
                class="MuiGrid-root MuiGrid-item MuiGrid-grid-xs-12 MuiGrid-grid-sm-2 css-63b4os-MuiGrid-root"
              >
                <button
                  class="MuiButtonBase-root MuiButton-root MuiButton-contained MuiButton-containedSecondary MuiButton-sizeMedium MuiButton-containedSizeMedium MuiButton-fullWidth MuiButton-root MuiButton-contained MuiButton-containedSecondary MuiButton-sizeMedium MuiButton-containedSizeMedium MuiButton-fullWidth css-tha848-MuiButtonBase-root-MuiButton-root"
                  data-analyticsid="admin-work-cancel"
                  data-testid="admin-work-cancel"
                  id="admin-work-cancel"
                  style="white-space: nowrap;"
                  tabindex="0"
                  type="button"
                >
                  Cancel
                </button>
              </div>
              <div
                class="MuiGrid-root MuiGrid-item MuiGrid-grid-xs-12 MuiGrid-grid-sm-true css-cyocdy-MuiGrid-root"
              >
                <button
                  class="MuiButtonBase-root MuiButton-root MuiButton-contained MuiButton-containedPrimary MuiButton-sizeMedium MuiButton-containedSizeMedium MuiButton-fullWidth MuiButton-root MuiButton-contained MuiButton-containedPrimary MuiButton-sizeMedium MuiButton-containedSizeMedium MuiButton-fullWidth css-1duotrm-MuiButtonBase-root-MuiButton-root"
                  data-analyticsid="submit-admin"
                  data-testid="submit-admin"
                  id="admin-work-submit"
                  style="white-space: nowrap;"
                  tabindex="0"
                  type="button"
                >
                  Save
                </button>
              </div>
            </div>
          </div>
        </div>
      </form>
    </div>
  </div>
</div>
`;
