// Jest Snapshot v1, https://goo.gl/fbAQLP

exports[`Stepper component should have a proper style generator 1`] = `
Object {
  "stepper": Object {
    "@media (max-width:959.95px)": Object {
      "margin": "-24px 0 0 0",
      "padding": "12px 0 24px 8px",
    },
    "backgroundColor": "rgb(247, 247, 247)",
    "padding": "24px",
  },
  "stepperLabel": Object {
    "overflow": "hidden",
    "textOverflow": "ellipsis",
  },
}
`;
