// Jest Snapshot v1, https://goo.gl/fbAQLP

exports[`TabContainer component should render default view 1`] = `
<WithStyles(ForwardRef(Grid))
  item={true}
  xs={12}
>
  &lt;p&gt;Test containers&lt;/p&gt;
</WithStyles(ForwardRef(Grid))>
`;

exports[`TabContainer component should render null 1`] = `""`;
