// Jest Snapshot v1, https://goo.gl/fbAQLP

exports[`AuthorsSectionContainer component should render default view 1`] = `
<ContextProvider
  value={
    Object {
      "formValues": Object {
        "isNtro": false,
      },
    }
  }
>
  <Memo(AuthorsSection)
    isNtro={false}
    key="disabled-undefined-isNtro-false"
  />
</ContextProvider>
`;

exports[`AuthorsSectionContainer component should render disabled view 1`] = `
<ContextProvider
  value={
    Object {
      "formValues": Object {
        "isNtro": false,
      },
    }
  }
>
  <Memo(AuthorsSection)
    disabled={true}
    isNtro={false}
    key="disabled-true-isNtro-false"
  />
</ContextProvider>
`;
