// Jest Snapshot v1, https://goo.gl/fbAQLP

exports[`PageCitationView test  nothing if search key not found 1`] = `<div />`;

exports[`PageCitationView test  should render component with a mock espace record 1`] = `
<div>
  <span
    class="citationPage"
  >
    39
  </span>
</div>
`;

exports[`PageCitationView test  should render component with default className 1`] = `
<div>
  <span
    class="citationPage"
  >
    39
  </span>
</div>
`;
