// Jest Snapshot v1, https://goo.gl/fbAQLP

exports[`PatentForm renders  component 1`] = `
<div>
  <div
    class="MuiGrid-root MuiGrid-container MuiGrid-spacing-xs-3 css-zow5z4-MuiGrid-root"
  >
    <div
      class="MuiGrid-root MuiGrid-item MuiGrid-grid-xs-12 css-1idn90j-MuiGrid-root"
    >
      <div
        class="MuiPaper-root MuiPaper-elevation MuiPaper-rounded MuiPaper-elevation1 MuiCard-root StandardCard css-985319-MuiPaper-root-MuiCard-root"
        data-testid="standard-card-patent-information"
        id="standard-card-patent-information"
      >
        <div
          class="MuiCardHeader-root css-16c6n48-MuiCardHeader-root"
        >
          <div
            class="MuiCardHeader-content css-1qbkelo-MuiCardHeader-content"
          >
            <h3
              class="MuiTypography-root MuiTypography-h5 MuiCardHeader-title css-1hzv55z-MuiTypography-root"
              data-testid="standard-card-patent-information-header"
              id="standard-card-patent-information-header"
            >
              Patent information
            </h3>
          </div>
        </div>
        <div
          class="MuiCardContent-root css-46bh2p-MuiCardContent-root"
          data-analyticsid="standard-card-patent-information-content"
          data-testid="standard-card-patent-information-content"
          id="standard-card-patent-information-content"
        >
          <div
            class="MuiGrid-root MuiGrid-container MuiGrid-spacing-xs-2 css-mhc70k-MuiGrid-root"
          >
            <div
              class="MuiGrid-root MuiGrid-item MuiGrid-grid-xs-12 css-1idn90j-MuiGrid-root"
            >
              <field
                disabled="false"
                is="mock"
                label="Title of patent"
                name="rek_title"
                required="true"
              />
            </div>
            <div
              class="MuiGrid-root MuiGrid-item MuiGrid-grid-xs-12 MuiGrid-grid-sm-6 css-1b3l6lk-MuiGrid-root"
            >
              <field
                disabled="false"
                is="mock"
                label="Patent number"
                name="fez_record_search_key_patent_number.rek_patent_number"
              />
            </div>
            <div
              class="MuiGrid-root MuiGrid-item MuiGrid-grid-xs-12 MuiGrid-grid-sm-6 css-1b3l6lk-MuiGrid-root"
            >
              <field
                disabled="false"
                is="mock"
                name="rek_date"
                required="true"
              />
            </div>
            <div
              class="MuiGrid-root MuiGrid-item MuiGrid-grid-xs-12 MuiGrid-grid-sm-6 css-1b3l6lk-MuiGrid-root"
            >
              <field
                disabled="false"
                is="mock"
                label="Country of origin"
                name="fez_record_search_key_country_of_issue.rek_country_of_issue"
              />
            </div>
            <div
              class="MuiGrid-root MuiGrid-item MuiGrid-grid-xs-12 MuiGrid-grid-sm-6 css-1b3l6lk-MuiGrid-root"
            >
              <field
                disabled="false"
                is="mock"
                label="Patent owner"
                name="fez_record_search_key_publisher.rek_publisher"
              />
            </div>
          </div>
        </div>
      </div>
    </div>
    <div
      class="MuiGrid-root MuiGrid-item MuiGrid-grid-xs-12 css-1idn90j-MuiGrid-root"
    >
      <div
        class="MuiPaper-root MuiPaper-elevation MuiPaper-rounded MuiPaper-elevation1 MuiCard-root StandardCard css-985319-MuiPaper-root-MuiCard-root"
        data-testid="standard-card-creators"
        id="standard-card-creators"
      >
        <div
          class="MuiCardHeader-root css-16c6n48-MuiCardHeader-root"
        >
          <div
            class="MuiCardHeader-content css-1qbkelo-MuiCardHeader-content"
          >
            <h3
              class="MuiTypography-root MuiTypography-h5 MuiCardHeader-title css-1hzv55z-MuiTypography-root"
              data-testid="standard-card-creators-header"
              id="standard-card-creators-header"
            >
              Creators
            </h3>
          </div>
        </div>
        <div
          class="MuiCardContent-root css-46bh2p-MuiCardContent-root"
          data-analyticsid="standard-card-creators-content"
          data-testid="standard-card-creators-content"
          id="standard-card-creators-content"
        >
          <p
            class="MuiTypography-root MuiTypography-body1 css-u1nwny-MuiTypography-root"
          >
            Please provide a list of creators (e.g. producer or performer if self-produced) and then select your name from the list.
          </p>
          <field
            disabled="false"
            is="mock"
            name="authors"
            required="true"
          />
        </div>
      </div>
    </div>
    <div
      class="MuiGrid-root MuiGrid-item MuiGrid-grid-xs-12 css-1idn90j-MuiGrid-root"
    >
      <div
        class="MuiPaper-root MuiPaper-elevation MuiPaper-rounded MuiPaper-elevation1 MuiCard-root StandardCard css-985319-MuiPaper-root-MuiCard-root"
        data-testid="standard-card-other-patent-details"
        id="standard-card-other-patent-details"
      >
        <div
          class="MuiCardHeader-root css-16c6n48-MuiCardHeader-root"
        >
          <div
            class="MuiCardHeader-content css-1qbkelo-MuiCardHeader-content"
          >
            <h3
              class="MuiTypography-root MuiTypography-h5 MuiCardHeader-title css-1hzv55z-MuiTypography-root"
              data-testid="standard-card-other-patent-details-header"
              id="standard-card-other-patent-details-header"
            >
              Other patent details
            </h3>
          </div>
        </div>
        <div
          class="MuiCardContent-root css-46bh2p-MuiCardContent-root"
          data-analyticsid="standard-card-other-patent-details-content"
          data-testid="standard-card-other-patent-details-content"
          id="standard-card-other-patent-details-content"
        >
          <div
            class="MuiGrid-root MuiGrid-container MuiGrid-spacing-xs-2 css-mhc70k-MuiGrid-root"
          >
            <div
              class="MuiGrid-root MuiGrid-item MuiGrid-grid-xs-12 css-1idn90j-MuiGrid-root"
            >
              <field
                disabled="false"
                is="mock"
                label="Notes (not publicly viewable)"
                name="comments"
              />
            </div>
            <div
              class="MuiGrid-root MuiGrid-item MuiGrid-grid-xs-12 css-1idn90j-MuiGrid-root"
            >
              <field
                disabled="false"
                is="mock"
                label="Enter URL for this patent"
                name="rek_link"
              />
            </div>
          </div>
        </div>
      </div>
    </div>
  </div>
</div>
`;
