// Jest Snapshot v1, https://goo.gl/fbAQLP

exports[`myDatasets test renders active filters 1`] = `
<StandardPage
  title="My research data"
>
  <WithStyles(ForwardRef(Grid))
    container={true}
    spacing={2}
  >
    <WithStyles(ForwardRef(Grid))
      item={true}
      xs={12}
    >
      <StandardCard
        text={
          <div>
            We were unable to find any results. You may be able to
             
            <a
              href="/data-collections/add"
            >
              add a missing dataset
            </a>
            .
          </div>
        }
        title="No datasets found"
      >
        <div>
          We were unable to find any results. You may be able to
           
          <a
            href="/data-collections/add"
          >
            add a missing dataset
          </a>
          .
        </div>
      </StandardCard>
    </WithStyles(ForwardRef(Grid))>
  </WithStyles(ForwardRef(Grid))>
</StandardPage>
`;

exports[`myDatasets test renders list of publications no facets 1`] = `
<StandardPage
  title="My research data"
>
  <WithStyles(ForwardRef(Grid))
    container={true}
    spacing={2}
  >
    <WithStyles(ForwardRef(Grid))
      item={true}
      md={9}
      xs={12}
    >
      <StandardCard
        noHeader={true}
      >
        <span>
          Displaying works 1 to 2 of 2 total works. 
        </span>
        <WithStyles(ForwardRef(Grid))
          container={true}
          spacing={2}
        >
          <WithStyles(ForwardRef(Grid))
            item={true}
            xs={12}
          >
            <span>
              Add to this list by 
              <a
                href="/data-collections/add"
              >
                adding a missing dataset
              </a>
              .
            </span>
          </WithStyles(ForwardRef(Grid))>
          <WithStyles(ForwardRef(Grid))
            item={true}
            xs={12}
          >
            <PublicationsListSorting
              bulkExportSize={1000}
              initPageLength={20}
              onExportPublications={[Function]}
              onPageSizeChanged={[Function]}
              onSortByChanged={[Function]}
              pageSize={20}
              pagingData={
                Object {
                  "current_page": 1,
                  "from": 1,
                  "per_page": 20,
                  "to": 2,
                  "total": 2,
                }
              }
              sortBy="published_date"
              sortDirection="Desc"
            />
          </WithStyles(ForwardRef(Grid))>
          <WithStyles(ForwardRef(Grid))
            item={true}
            xs={12}
          >
            <WithStyles(PublicationsListPaging)
              disabled={false}
              onPageChanged={[Function]}
              pagingData={
                Object {
                  "current_page": 1,
                  "from": 1,
                  "per_page": 20,
                  "to": 2,
                  "total": 2,
                }
              }
            />
          </WithStyles(ForwardRef(Grid))>
          <WithStyles(ForwardRef(Grid))
            item={true}
            xs={12}
          >
            <WithStyles(ConfirmDialogBox)
              hideCancelButton={true}
              locale={
                Object {
                  "confirmButtonLabel": "Close",
                  "confirmationMessage": <span
                    style={
                      Object {
                        "display": "block",
                        "margin": "1em 0",
                      }
                    }
                  >
                    Bulk export request has been queued. When the request has been processed, you will receive an email with the exported file as an attachment.
                  </span>,
                  "confirmationTitle": "Export queued successfully",
                }
              }
              onRef={[Function]}
            />
          </WithStyles(ForwardRef(Grid))>
          <WithStyles(ForwardRef(Grid))
            item={true}
            xs={12}
          >
            <Memo(PublicationsList)
              publicationsList={
                Array [
                  1,
                  2,
                  3,
                ]
              }
              showAdminActions={false}
              showDefaultActions={true}
            />
          </WithStyles(ForwardRef(Grid))>
          <WithStyles(ForwardRef(Grid))
            item={true}
            xs={12}
          >
            <WithStyles(PublicationsListPaging)
              disabled={false}
              onPageChanged={[Function]}
              pagingData={
                Object {
                  "current_page": 1,
                  "from": 1,
                  "per_page": 20,
                  "to": 2,
                  "total": 2,
                }
              }
            />
          </WithStyles(ForwardRef(Grid))>
        </WithStyles(ForwardRef(Grid))>
      </StandardCard>
    </WithStyles(ForwardRef(Grid))>
  </WithStyles(ForwardRef(Grid))>
</StandardPage>
`;

exports[`myDatasets test renders list of publications with facets 1`] = `
<StandardPage
  title="My research data"
>
  <WithStyles(ForwardRef(Grid))
    container={true}
    spacing={2}
  >
    <WithStyles(ForwardRef(Grid))
      item={true}
      md={9}
      xs={12}
    >
      <StandardCard
        noHeader={true}
      >
        <span>
          Displaying works 1 to 2 of 2 total works. 
        </span>
        <WithStyles(ForwardRef(Grid))
          container={true}
          spacing={2}
        >
          <WithStyles(ForwardRef(Grid))
            item={true}
            xs={12}
          >
            <span>
              Add to this list by 
              <a
                href="/data-collections/add"
              >
                adding a missing dataset
              </a>
              .
            </span>
          </WithStyles(ForwardRef(Grid))>
          <WithStyles(ForwardRef(Grid))
            item={true}
            xs={12}
          >
            <PublicationsListSorting
              bulkExportSize={1000}
              initPageLength={20}
              onExportPublications={[Function]}
              onPageSizeChanged={[Function]}
              onSortByChanged={[Function]}
              pageSize={20}
              pagingData={
                Object {
                  "current_page": 1,
                  "from": 1,
                  "per_page": 20,
                  "to": 2,
                  "total": 2,
                }
              }
              sortBy="published_date"
              sortDirection="Desc"
            />
          </WithStyles(ForwardRef(Grid))>
          <WithStyles(ForwardRef(Grid))
            item={true}
            xs={12}
          >
            <WithStyles(PublicationsListPaging)
              disabled={false}
              onPageChanged={[Function]}
              pagingData={
                Object {
                  "current_page": 1,
                  "from": 1,
                  "per_page": 20,
                  "to": 2,
                  "total": 2,
                }
              }
            />
          </WithStyles(ForwardRef(Grid))>
          <WithStyles(ForwardRef(Grid))
            item={true}
            xs={12}
          >
            <WithStyles(ConfirmDialogBox)
              hideCancelButton={true}
              locale={
                Object {
                  "confirmButtonLabel": "Close",
                  "confirmationMessage": <span
                    style={
                      Object {
                        "display": "block",
                        "margin": "1em 0",
                      }
                    }
                  >
                    Bulk export request has been queued. When the request has been processed, you will receive an email with the exported file as an attachment.
                  </span>,
                  "confirmationTitle": "Export queued successfully",
                }
              }
              onRef={[Function]}
            />
          </WithStyles(ForwardRef(Grid))>
          <WithStyles(ForwardRef(Grid))
            item={true}
            xs={12}
          >
            <Memo(PublicationsList)
              publicationsList={
                Array [
                  1,
                  2,
                  3,
                ]
              }
              showAdminActions={false}
              showDefaultActions={true}
            />
          </WithStyles(ForwardRef(Grid))>
          <WithStyles(ForwardRef(Grid))
            item={true}
            xs={12}
          >
            <WithStyles(PublicationsListPaging)
              disabled={false}
              onPageChanged={[Function]}
              pagingData={
                Object {
                  "current_page": 1,
                  "from": 1,
                  "per_page": 20,
                  "to": 2,
                  "total": 2,
                }
              }
            />
          </WithStyles(ForwardRef(Grid))>
        </WithStyles(ForwardRef(Grid))>
      </StandardCard>
    </WithStyles(ForwardRef(Grid))>
    <Hidden
      smDown={true}
    >
      <WithStyles(ForwardRef(Grid))
        item={true}
        md={3}
      >
        <WithStyles(StandardRighthandCard)
          title="Refine results"
        >
          <Memo(FacetsFilter)
            activeFacets={
              Object {
                "filters": Object {},
                "ranges": Object {},
              }
            }
            excludeFacetsList={
              Array [
                "Scopus document type",
                "Subtype",
                "Year published",
                "Display type",
              ]
            }
            facetsData={
              Object {
                "Display type": Object {
                  "buckets": Array [
                    Object {
                      "doc_count": 95,
                      "key": 179,
                    },
                    Object {
                      "doc_count": 34,
                      "key": 130,
                    },
                    Object {
                      "doc_count": 2,
                      "key": 177,
                    },
                    Object {
                      "doc_count": 2,
                      "key": 183,
                    },
                    Object {
                      "doc_count": 1,
                      "key": 174,
                    },
                  ],
                  "doc_count_error_upper_bound": 0,
                  "sum_other_doc_count": 3,
                },
                "Keywords": Object {
                  "buckets": Array [
                    Object {
                      "doc_count": 15,
                      "key": "Brca1",
                    },
                    Object {
                      "doc_count": 15,
                      "key": "Oncology",
                    },
                    Object {
                      "doc_count": 13,
                      "key": "Breast cancer",
                    },
                    Object {
                      "doc_count": 12,
                      "key": "Genetics & Heredity",
                    },
                    Object {
                      "doc_count": 10,
                      "key": "Biochemistry & Molecular Biology",
                    },
                  ],
                  "doc_count_error_upper_bound": 0,
                  "sum_other_doc_count": 641,
                },
              }
            }
            isMyDataSetPage={true}
            lookupFacetsList={
              Object {
                "Collection": "Collection (lookup)",
                "Subject": "Subject (lookup)",
              }
            }
            onFacetsChanged={[Function]}
            renameFacetsList={Object {}}
            showOpenAccessFilter={true}
          />
        </WithStyles(StandardRighthandCard)>
      </WithStyles(ForwardRef(Grid))>
    </Hidden>
  </WithStyles(ForwardRef(Grid))>
</StandardPage>
`;

exports[`myDatasets test renders loading screen while loading account data 1`] = `""`;

exports[`myDatasets test renders loading screen while loading publications  1`] = `
<StandardPage
  title="My research data"
>
  <WithStyles(ForwardRef(Grid))
    container={true}
    spacing={2}
  >
    <WithStyles(ForwardRef(Grid))
      item={true}
      xs={12}
    >
      <WithStyles(InlineLoader)
        message="Searching for your datasets"
      />
    </WithStyles(ForwardRef(Grid))>
  </WithStyles(ForwardRef(Grid))>
</StandardPage>
`;

exports[`myDatasets test renders loading screen while loading publications while filtering 1`] = `
<StandardPage
  title="My research data"
>
  <WithStyles(ForwardRef(Grid))
    container={true}
    spacing={2}
  >
    <WithStyles(ForwardRef(Grid))
      item={true}
      md={9}
      xs={12}
    >
      <StandardCard
        noHeader={true}
      >
        <WithStyles(ForwardRef(Grid))
          container={true}
          spacing={2}
        >
          <WithStyles(ForwardRef(Grid))
            item={true}
            xs={12}
          >
            <span>
              Add to this list by 
              <a
                href="/data-collections/add"
              >
                adding a missing dataset
              </a>
              .
            </span>
          </WithStyles(ForwardRef(Grid))>
          <WithStyles(ForwardRef(Grid))
            item={true}
            xs={12}
          >
            <PublicationsListSorting
              bulkExportSize={1000}
              disabled={true}
              initPageLength={20}
              onExportPublications={[Function]}
              onPageSizeChanged={[Function]}
              onSortByChanged={[Function]}
              pageSize={20}
              pagingData={Object {}}
              sortBy="published_date"
              sortDirection="Desc"
            />
          </WithStyles(ForwardRef(Grid))>
          <WithStyles(ForwardRef(Grid))
            item={true}
            xs={12}
          >
            <WithStyles(PublicationsListPaging)
              disabled={true}
              loading={true}
              onPageChanged={[Function]}
              pagingData={Object {}}
            />
          </WithStyles(ForwardRef(Grid))>
          <WithStyles(ForwardRef(Grid))
            item={true}
            xs={12}
          >
            <WithStyles(ConfirmDialogBox)
              hideCancelButton={true}
              locale={
                Object {
                  "confirmButtonLabel": "Close",
                  "confirmationMessage": <span
                    style={
                      Object {
                        "display": "block",
                        "margin": "1em 0",
                      }
                    }
                  >
                    Bulk export request has been queued. When the request has been processed, you will receive an email with the exported file as an attachment.
                  </span>,
                  "confirmationTitle": "Export queued successfully",
                }
              }
              onRef={[Function]}
            />
          </WithStyles(ForwardRef(Grid))>
          <WithStyles(ForwardRef(Grid))
            item={true}
            xs={12}
          >
            <div
              className="is-centered"
            >
              <WithStyles(InlineLoader)
                message="Retrieving your datasets"
              />
            </div>
          </WithStyles(ForwardRef(Grid))>
          <WithStyles(ForwardRef(Grid))
            item={true}
            xs={12}
          >
            <WithStyles(PublicationsListPaging)
              disabled={true}
              loading={true}
              onPageChanged={[Function]}
              pagingData={Object {}}
            />
          </WithStyles(ForwardRef(Grid))>
        </WithStyles(ForwardRef(Grid))>
      </StandardCard>
    </WithStyles(ForwardRef(Grid))>
  </WithStyles(ForwardRef(Grid))>
</StandardPage>
`;

exports[`myDatasets test renders no results 1`] = `
<StandardPage
  title="My research data"
>
  <WithStyles(ForwardRef(Grid))
    container={true}
    spacing={2}
  >
    <WithStyles(ForwardRef(Grid))
      item={true}
      xs={12}
    >
      <StandardCard
        text={
          <div>
            We were unable to find any results. You may be able to
             
            <a
              href="/data-collections/add"
            >
              add a missing dataset
            </a>
            .
          </div>
        }
        title="No datasets found"
      >
        <div>
          We were unable to find any results. You may be able to
           
          <a
            href="/data-collections/add"
          >
            add a missing dataset
          </a>
          .
        </div>
      </StandardCard>
    </WithStyles(ForwardRef(Grid))>
  </WithStyles(ForwardRef(Grid))>
</StandardPage>
`;
