// Jest Snapshot v1, https://goo.gl/fbAQLP

exports[`DoiField should render default view 1`] = `<div />`;

exports[`DoiField should render known fields 1`] = `<div />`;

exports[`DoiField should render known fields 2`] = `<div />`;
