// Jest Snapshot v1, https://goo.gl/fbAQLP

exports[`ControlledVocabularies VocabDataRow should render the table 1`] = `
{
  "asFragment": [Function],
  "baseElement": <body>
    <div>
      <div
        class="MuiGrid-root MuiGrid-container css-ccbfi6-MuiGrid-root"
        data-testid="row-453669"
      >
        <div
          class="MuiGrid-root MuiGrid-container css-oonwph-MuiGrid-root"
        >
          <div
            class="MuiGrid-root MuiGrid-item MuiGrid-grid-xs-1 MuiGrid-grid-sm-1 MuiGrid-grid-md-1 css-u78q51-MuiGrid-root"
          >
            <div
              class="MuiBox-root css-rve04c"
            >
              <button
                aria-label="expand row"
                class="MuiButtonBase-root MuiIconButton-root MuiIconButton-sizeSmall css-1aw2z18-MuiButtonBase-root-MuiIconButton-root"
                data-analyticsid="expand-row-453669"
                data-testid="expand-row-453669"
                id="expand-row-453669"
                tabindex="0"
                type="button"
              >
                <svg
                  aria-hidden="true"
                  class="MuiSvgIcon-root MuiSvgIcon-fontSizeMedium css-i4bv87-MuiSvgIcon-root"
                  data-testid="KeyboardArrowDownIcon"
                  focusable="false"
                  viewBox="0 0 24 24"
                >
                  <path
                    d="M7.41 8.59 12 13.17l4.59-4.58L18 10l-6 6-6-6z"
                  />
                </svg>
                <span
                  class="MuiTouchRipple-root css-8je8zh-MuiTouchRipple-root"
                />
              </button>
            </div>
          </div>
          <div
            class="MuiGrid-root MuiGrid-item MuiGrid-grid-xs-6 MuiGrid-grid-sm-6 MuiGrid-grid-md-8 css-5oeiha-MuiGrid-root"
          >
            <div
              class="MuiBox-root css-0"
            >
              AIATSIS codes
            </div>
          </div>
          <div
            class="MuiGrid-root MuiGrid-item MuiGrid-grid-xs-2 MuiGrid-grid-sm-2 MuiGrid-grid-md-1 css-1ifj80e-MuiGrid-root"
          >
            <div
              class="MuiBox-root css-0"
            />
          </div>
          <div
            class="MuiGrid-root MuiGrid-item MuiGrid-grid-xs-2 MuiGrid-grid-sm-2 MuiGrid-grid-md-1 css-1ifj80e-MuiGrid-root"
          >
            <div
              class="MuiBox-root css-0"
            />
          </div>
          <div
            class="MuiGrid-root MuiGrid-item MuiGrid-grid-xs-1 MuiGrid-grid-sm-1 MuiGrid-grid-md-1 css-u78q51-MuiGrid-root"
          />
        </div>
      </div>
    </div>
  </body>,
  "container": <div>
    <div
      class="MuiGrid-root MuiGrid-container css-ccbfi6-MuiGrid-root"
      data-testid="row-453669"
    >
      <div
        class="MuiGrid-root MuiGrid-container css-oonwph-MuiGrid-root"
      >
        <div
          class="MuiGrid-root MuiGrid-item MuiGrid-grid-xs-1 MuiGrid-grid-sm-1 MuiGrid-grid-md-1 css-u78q51-MuiGrid-root"
        >
          <div
            class="MuiBox-root css-rve04c"
          >
            <button
              aria-label="expand row"
              class="MuiButtonBase-root MuiIconButton-root MuiIconButton-sizeSmall css-1aw2z18-MuiButtonBase-root-MuiIconButton-root"
              data-analyticsid="expand-row-453669"
              data-testid="expand-row-453669"
              id="expand-row-453669"
              tabindex="0"
              type="button"
            >
              <svg
                aria-hidden="true"
                class="MuiSvgIcon-root MuiSvgIcon-fontSizeMedium css-i4bv87-MuiSvgIcon-root"
                data-testid="KeyboardArrowDownIcon"
                focusable="false"
                viewBox="0 0 24 24"
              >
                <path
                  d="M7.41 8.59 12 13.17l4.59-4.58L18 10l-6 6-6-6z"
                />
              </svg>
              <span
                class="MuiTouchRipple-root css-8je8zh-MuiTouchRipple-root"
              />
            </button>
          </div>
        </div>
        <div
          class="MuiGrid-root MuiGrid-item MuiGrid-grid-xs-6 MuiGrid-grid-sm-6 MuiGrid-grid-md-8 css-5oeiha-MuiGrid-root"
        >
          <div
            class="MuiBox-root css-0"
          >
            AIATSIS codes
          </div>
        </div>
        <div
          class="MuiGrid-root MuiGrid-item MuiGrid-grid-xs-2 MuiGrid-grid-sm-2 MuiGrid-grid-md-1 css-1ifj80e-MuiGrid-root"
        >
          <div
            class="MuiBox-root css-0"
          />
        </div>
        <div
          class="MuiGrid-root MuiGrid-item MuiGrid-grid-xs-2 MuiGrid-grid-sm-2 MuiGrid-grid-md-1 css-1ifj80e-MuiGrid-root"
        >
          <div
            class="MuiBox-root css-0"
          />
        </div>
        <div
          class="MuiGrid-root MuiGrid-item MuiGrid-grid-xs-1 MuiGrid-grid-sm-1 MuiGrid-grid-md-1 css-u78q51-MuiGrid-root"
        />
      </div>
    </div>
  </div>,
  "debug": [Function],
  "findAllByAltText": [Function],
  "findAllByDisplayValue": [Function],
  "findAllByLabelText": [Function],
  "findAllByPlaceholderText": [Function],
  "findAllByRole": [Function],
  "findAllByTestId": [Function],
  "findAllByText": [Function],
  "findAllByTitle": [Function],
  "findByAltText": [Function],
  "findByDisplayValue": [Function],
  "findByLabelText": [Function],
  "findByPlaceholderText": [Function],
  "findByRole": [Function],
  "findByTestId": [Function],
  "findByText": [Function],
  "findByTitle": [Function],
  "getAllByAltText": [Function],
  "getAllByDisplayValue": [Function],
  "getAllByLabelText": [Function],
  "getAllByPlaceholderText": [Function],
  "getAllByRole": [Function],
  "getAllByTestId": [Function],
  "getAllByText": [Function],
  "getAllByTitle": [Function],
  "getByAltText": [Function],
  "getByDisplayValue": [Function],
  "getByLabelText": [Function],
  "getByPlaceholderText": [Function],
  "getByRole": [Function],
  "getByTestId": [Function],
  "getByText": [Function],
  "getByTitle": [Function],
  "queryAllByAltText": [Function],
  "queryAllByDisplayValue": [Function],
  "queryAllByLabelText": [Function],
  "queryAllByPlaceholderText": [Function],
  "queryAllByRole": [Function],
  "queryAllByTestId": [Function],
  "queryAllByText": [Function],
  "queryAllByTitle": [Function],
  "queryByAltText": [Function],
  "queryByDisplayValue": [Function],
  "queryByLabelText": [Function],
  "queryByPlaceholderText": [Function],
  "queryByRole": [Function],
  "queryByTestId": [Function],
  "queryByText": [Function],
  "queryByTitle": [Function],
  "rerender": [Function],
  "unmount": [Function],
}
`;
