// Jest Snapshot v1, https://goo.gl/fbAQLP

exports[`OverrideSecurity component should render properly 1`] = `
<ForwardRef(FormControlLabel)
  control={
    <ForwardRef(Checkbox)
      checked={false}
      inputProps={
        Object {
          "data-testid": "test-input",
          "id": "test-input",
        }
      }
      onChange={[MockFunction]}
    />
  }
  label="test"
/>
`;
