// Jest Snapshot v1, https://goo.gl/fbAQLP

exports[`SelectedSecurityPolicyDescription component should render properly 1`] = `
<ForwardRef(Grid)
  item={true}
  style={
    Object {
      "backgroundColor": "rgba(0,0,0,0.05)",
      "marginTop": 12,
      "padding": 24,
    }
  }
  xs={12}
>
  <ForwardRef(Typography)
    style={
      Object {
        "marginTop": -8,
      }
    }
    variant="h6"
  >
    test
  </ForwardRef(Typography)>
  <ForwardRef(Grid)
    container={true}
    spacing={1}
    style={
      Object {
        "marginTop": 8,
      }
    }
  >
    <ForwardRef(Grid)
      item={true}
      xs={2}
    >
      <b>
        Name (ID):
      </b>
    </ForwardRef(Grid)>
    <ForwardRef(Grid)
      item={true}
      xs={10}
    >
      <Memo(PolicyDescription)
        selectedPolicyKey={2}
      />
    </ForwardRef(Grid)>
  </ForwardRef(Grid)>
</ForwardRef(Grid)>
`;
