// Jest Snapshot v1, https://goo.gl/fbAQLP

exports[`ContentIndicatorsField component should mark dropdown as disabled when all indicators have been selected 1`] = `
<Memo(NewGenericSelectField)
  disabled={true}
  error={false}
  errorText=""
  genericSelectFieldId="rek-content-indicator"
  itemsList={
    Array [
      Object {
        "disabled": false,
        "text": "Scholarship of Teaching and Learning",
        "value": 454079,
      },
      Object {
        "disabled": false,
        "text": "Protocol",
        "value": 454080,
      },
      Object {
        "disabled": false,
        "text": "Case Study",
        "value": 454081,
      },
    ]
  }
  locale={
    Object {
      "label": undefined,
    }
  }
  meta={
    Object {
      "initial": Immutable.List [
        Object {
          "text": "Scholarship of Teaching and Learning",
          "value": 454079,
        },
        Object {
          "text": "Protocol",
          "value": 454080,
        },
        Object {
          "text": "Case Study",
          "value": 454081,
        },
      ],
    }
  }
  value={Array []}
/>
`;

exports[`ContentIndicatorsField component should not mark dropdown as disabled when all indicators have been selected for admins 1`] = `
<Memo(NewGenericSelectField)
  canUnselect={true}
  disabled={false}
  error={false}
  errorText=""
  genericSelectFieldId="rek-content-indicator"
  itemsList={
    Array [
      Object {
        "disabled": false,
        "text": "Scholarship of Teaching and Learning",
        "value": 454079,
      },
      Object {
        "disabled": false,
        "text": "Protocol",
        "value": 454080,
      },
      Object {
        "disabled": false,
        "text": "Case Study",
        "value": 454081,
      },
    ]
  }
  locale={
    Object {
      "label": undefined,
    }
  }
  meta={
    Object {
      "initial": Immutable.List [
        Object {
          "text": "Scholarship of Teaching and Learning",
          "value": 454079,
        },
        Object {
          "text": "Protocol",
          "value": 454080,
        },
        Object {
          "text": "Case Study",
          "value": 454081,
        },
      ],
    }
  }
  value={Array []}
/>
`;

exports[`ContentIndicatorsField component should render default view 1`] = `
<Memo(NewGenericSelectField)
  disabled={false}
  error={false}
  errorText=""
  genericSelectFieldId="rek-content-indicator"
  itemsList={
    Array [
      Object {
        "disabled": false,
        "text": "Scholarship of Teaching and Learning",
        "value": 454079,
      },
      Object {
        "disabled": false,
        "text": "Protocol",
        "value": 454080,
      },
      Object {
        "disabled": false,
        "text": "Case Study",
        "value": 454081,
      },
    ]
  }
  locale={
    Object {
      "label": undefined,
    }
  }
  value={Array []}
/>
`;

exports[`ContentIndicatorsField component should render with given field props 1`] = `
<Memo(NewGenericSelectField)
  disabled={false}
  error={true}
  errorText="Test error"
  genericSelectFieldId="rek-content-indicator"
  input={
    Object {
      "onChange": [MockFunction],
      "value": Array [
        454079,
        454080,
      ],
    }
  }
  itemsList={
    Array [
      Object {
        "disabled": false,
        "text": "Scholarship of Teaching and Learning",
        "value": 454079,
      },
      Object {
        "disabled": false,
        "text": "Protocol",
        "value": 454080,
      },
      Object {
        "disabled": false,
        "text": "Case Study",
        "value": 454081,
      },
    ]
  }
  label="Test label"
  locale={
    Object {
      "label": "Test label",
    }
  }
  meta={
    Object {
      "error": "Test error",
    }
  }
  onChange={[MockFunction]}
  placeholder="Test placeholder"
  value={
    Array [
      454079,
      454080,
    ]
  }
/>
`;

exports[`ContentIndicatorsField component should render with given field props 2`] = `
<Memo(NewGenericSelectField)
  disabled={false}
  error={true}
  errorText="Test error"
  genericSelectFieldId="rek-content-indicator"
  input={
    Object {
      "value": Immutable.List [
        454079,
        454080,
      ],
    }
  }
  itemsList={
    Array [
      Object {
        "disabled": false,
        "text": "Scholarship of Teaching and Learning",
        "value": 454079,
      },
      Object {
        "disabled": false,
        "text": "Protocol",
        "value": 454080,
      },
      Object {
        "disabled": false,
        "text": "Case Study",
        "value": 454081,
      },
    ]
  }
  label="Test label"
  locale={
    Object {
      "label": "Test label",
    }
  }
  meta={
    Object {
      "error": "Test error",
    }
  }
  placeholder="Test placeholder"
  value={
    Array [
      454079,
      454080,
    ]
  }
/>
`;
