// Jest Snapshot v1, https://goo.gl/fbAQLP

exports[`Available Versions Component  should render component 1`] = `
<RelatedPublications
  childrenSearchKey={
    Object {
      "key": "fez_record_search_key_has_derivations",
      "order": "rek_has_derivations_order",
      "pid": "rek_has_derivations",
      "title": "rek_has_derivations_lookup",
    }
  }
  className="availableVersions"
  parentSearchKey={
    Object {
      "key": "fez_record_search_key_isderivationof",
      "order": "rek_isderivationof_order",
      "pid": "rek_isderivationof",
      "title": "rek_isderivationof_lookup",
    }
  }
  publication={
    Object {
      "fez_datastream_info": Array [
        Object {
          "dsi_copyright": null,
          "dsi_dsid": "FezACML_UQ_407731.xml",
          "dsi_embargo_date": null,
          "dsi_label": "FezACML security for PID - UQ:407731",
          "dsi_mimetype": "text/xml",
          "dsi_open_access": null,
          "dsi_pid": "UQ:407731",
          "dsi_size": 3705,
          "dsi_state": "A",
        },
        Object {
          "dsi_copyright": null,
          "dsi_dsid": "presmd_Supplemental_information.xml",
          "dsi_embargo_date": null,
          "dsi_label": "",
          "dsi_mimetype": "application/xml",
          "dsi_open_access": null,
          "dsi_pid": "UQ:407731",
          "dsi_size": 1228,
          "dsi_state": "A",
        },
        Object {
          "dsi_copyright": null,
          "dsi_dsid": "presmd_Supp_Material.xml",
          "dsi_embargo_date": null,
          "dsi_label": "",
          "dsi_mimetype": "application/xml",
          "dsi_open_access": null,
          "dsi_pid": "UQ:407731",
          "dsi_size": 1203,
          "dsi_state": "A",
        },
        Object {
          "dsi_copyright": null,
          "dsi_dsid": "presmd_Supp_Table_S16.xml",
          "dsi_embargo_date": null,
          "dsi_label": "",
          "dsi_mimetype": "application/xml",
          "dsi_open_access": null,
          "dsi_pid": "UQ:407731",
          "dsi_size": 1205,
          "dsi_state": "A",
        },
        Object {
          "dsi_copyright": null,
          "dsi_dsid": "presmd_Supp_Table_S19.xml",
          "dsi_embargo_date": null,
          "dsi_label": "",
          "dsi_mimetype": "application/xml",
          "dsi_open_access": null,
          "dsi_pid": "UQ:407731",
          "dsi_size": 1205,
          "dsi_state": "A",
        },
        Object {
          "dsi_copyright": null,
          "dsi_dsid": "presmd_Supp_Table_S20.xml",
          "dsi_embargo_date": null,
          "dsi_label": "",
          "dsi_mimetype": "application/xml",
          "dsi_open_access": null,
          "dsi_pid": "UQ:407731",
          "dsi_size": 1204,
          "dsi_state": "A",
        },
        Object {
          "dsi_copyright": null,
          "dsi_dsid": "presmd_Supp_Table_S21.xml",
          "dsi_embargo_date": null,
          "dsi_label": "",
          "dsi_mimetype": "application/xml",
          "dsi_open_access": null,
          "dsi_pid": "UQ:407731",
          "dsi_size": 1204,
          "dsi_state": "A",
        },
        Object {
          "dsi_copyright": null,
          "dsi_dsid": "presmd_Supp_Table_S22.xml",
          "dsi_embargo_date": null,
          "dsi_label": "",
          "dsi_mimetype": "application/xml",
          "dsi_open_access": null,
          "dsi_pid": "UQ:407731",
          "dsi_size": 1204,
          "dsi_state": "A",
        },
        Object {
          "dsi_copyright": null,
          "dsi_dsid": "Supplemental_information.docx",
          "dsi_embargo_date": null,
          "dsi_label": "Full text (open access)",
          "dsi_mimetype": "application/octet-stream",
          "dsi_open_access": null,
          "dsi_pid": "UQ:407731",
          "dsi_size": 2320778,
          "dsi_state": "A",
        },
        Object {
          "dsi_copyright": null,
          "dsi_dsid": "Supp_Material.zip",
          "dsi_embargo_date": null,
          "dsi_label": "Full text (open access)",
          "dsi_mimetype": "application/zip",
          "dsi_open_access": null,
          "dsi_pid": "UQ:407731",
          "dsi_size": 300184,
          "dsi_state": "A",
        },
        Object {
          "dsi_copyright": null,
          "dsi_dsid": "Supp_Table_S16.xls",
          "dsi_embargo_date": null,
          "dsi_label": "Full text (open access)",
          "dsi_mimetype": "application/vnd.ms-excel",
          "dsi_open_access": null,
          "dsi_pid": "UQ:407731",
          "dsi_size": 770048,
          "dsi_state": "A",
        },
        Object {
          "dsi_copyright": null,
          "dsi_dsid": "Supp_Table_S19.xls",
          "dsi_embargo_date": null,
          "dsi_label": "Full text (open access)",
          "dsi_mimetype": "application/vnd.ms-excel",
          "dsi_open_access": null,
          "dsi_pid": "UQ:407731",
          "dsi_size": 754176,
          "dsi_state": "A",
        },
        Object {
          "dsi_copyright": null,
          "dsi_dsid": "Supp_Table_S20.xls",
          "dsi_embargo_date": null,
          "dsi_label": "Full text (open access)",
          "dsi_mimetype": "application/vnd.ms-excel",
          "dsi_open_access": null,
          "dsi_pid": "UQ:407731",
          "dsi_size": 97280,
          "dsi_state": "A",
        },
        Object {
          "dsi_copyright": null,
          "dsi_dsid": "Supp_Table_S21.xls",
          "dsi_embargo_date": null,
          "dsi_label": "Full text (open access)",
          "dsi_mimetype": "application/vnd.ms-excel",
          "dsi_open_access": null,
          "dsi_pid": "UQ:407731",
          "dsi_size": 67584,
          "dsi_state": "A",
        },
        Object {
          "dsi_copyright": null,
          "dsi_dsid": "Supp_Table_S22.xls",
          "dsi_embargo_date": null,
          "dsi_label": "Full text (open access)",
          "dsi_mimetype": "application/vnd.ms-excel",
          "dsi_open_access": null,
          "dsi_pid": "UQ:407731",
          "dsi_size": 41984,
          "dsi_state": "A",
        },
      ],
      "fez_record_search_key_access_conditions": Object {
        "rek_access_conditions": "453619",
        "rek_access_conditions_id": 3968,
        "rek_access_conditions_pid": "UQ:407731",
        "rek_access_conditions_xsdmf_id": null,
      },
      "fez_record_search_key_additional_notes": Object {
        "rek_additional_notes": "CheckM is open source software available at http://ecogenomics.github.io/CheckM",
        "rek_additional_notes_id": 103,
        "rek_additional_notes_pid": "UQ:407731",
        "rek_additional_notes_xsdmf_id": null,
      },
      "fez_record_search_key_ands_collection_type": Object {
        "rek_ands_collection_type": "453616",
        "rek_ands_collection_type_id": 3813,
        "rek_ands_collection_type_pid": "UQ:407731",
        "rek_ands_collection_type_xsdmf_id": null,
      },
      "fez_record_search_key_assigned_group_id": Array [],
      "fez_record_search_key_assigned_user_id": Array [],
      "fez_record_search_key_author": Array [
        Object {
          "rek_author": "Parks, Donovan H.",
          "rek_author_id": 29757422,
          "rek_author_order": 1,
          "rek_author_pid": "UQ:407731",
          "rek_author_xsdmf_id": null,
        },
        Object {
          "rek_author": "Imelfort, Michael",
          "rek_author_id": 29757423,
          "rek_author_order": 2,
          "rek_author_pid": "UQ:407731",
          "rek_author_xsdmf_id": null,
        },
        Object {
          "rek_author": "Skennerton, Connor T.",
          "rek_author_id": 29757424,
          "rek_author_order": 3,
          "rek_author_pid": "UQ:407731",
          "rek_author_xsdmf_id": null,
        },
        Object {
          "rek_author": "Hugenholtz, Philip",
          "rek_author_id": 29757425,
          "rek_author_order": 4,
          "rek_author_pid": "UQ:407731",
          "rek_author_xsdmf_id": null,
        },
        Object {
          "rek_author": "Tyson, Gene W.",
          "rek_author_id": 29757426,
          "rek_author_order": 5,
          "rek_author_pid": "UQ:407731",
          "rek_author_xsdmf_id": null,
        },
      ],
      "fez_record_search_key_author_id": Array [
        Object {
          "rek_author_id": 96310,
          "rek_author_id_id": 29117987,
          "rek_author_id_lookup": "Donovan Parks",
          "rek_author_id_order": 1,
          "rek_author_id_pid": "UQ:407731",
          "rek_author_id_xsdmf_id": null,
        },
        Object {
          "rek_author_id": 6366,
          "rek_author_id_id": 29117988,
          "rek_author_id_lookup": "Michael Imelfort",
          "rek_author_id_order": 2,
          "rek_author_id_pid": "UQ:407731",
          "rek_author_id_xsdmf_id": null,
        },
        Object {
          "rek_author_id": 76682,
          "rek_author_id_id": 29117989,
          "rek_author_id_lookup": "Connor Skennerton",
          "rek_author_id_order": 3,
          "rek_author_id_pid": "UQ:407731",
          "rek_author_id_xsdmf_id": null,
        },
        Object {
          "rek_author_id": 20288,
          "rek_author_id_id": 29117990,
          "rek_author_id_lookup": "Hugenholtz, Philip",
          "rek_author_id_order": 4,
          "rek_author_id_pid": "UQ:407731",
          "rek_author_id_xsdmf_id": null,
        },
        Object {
          "rek_author_id": 79391,
          "rek_author_id_id": 29117991,
          "rek_author_id_lookup": "Gene Tyson",
          "rek_author_id_order": 5,
          "rek_author_id_pid": "UQ:407731",
          "rek_author_id_xsdmf_id": null,
        },
      ],
      "fez_record_search_key_author_role": Array [
        Object {
          "rek_author_role": "Investigator",
          "rek_author_role_id": 7448,
          "rek_author_role_order": 1,
          "rek_author_role_pid": "UQ:407731",
          "rek_author_role_xsdmf_id": null,
        },
        Object {
          "rek_author_role": "Investigator",
          "rek_author_role_id": 7449,
          "rek_author_role_order": 2,
          "rek_author_role_pid": "UQ:407731",
          "rek_author_role_xsdmf_id": null,
        },
        Object {
          "rek_author_role": "Investigator",
          "rek_author_role_id": 7450,
          "rek_author_role_order": 3,
          "rek_author_role_pid": "UQ:407731",
          "rek_author_role_xsdmf_id": null,
        },
        Object {
          "rek_author_role": "Investigator",
          "rek_author_role_id": 7451,
          "rek_author_role_order": 4,
          "rek_author_role_pid": "UQ:407731",
          "rek_author_role_xsdmf_id": null,
        },
        Object {
          "rek_author_role": "Investigator",
          "rek_author_role_id": 7452,
          "rek_author_role_order": 5,
          "rek_author_role_pid": "UQ:407731",
          "rek_author_role_xsdmf_id": null,
        },
      ],
      "fez_record_search_key_contact_details_email": Array [
        Object {
          "rek_contact_details_email": "g.tyson@uq.edu.au",
          "rek_contact_details_email_id": 4821,
          "rek_contact_details_email_order": 1,
          "rek_contact_details_email_pid": "UQ:407731",
          "rek_contact_details_email_xsdmf_id": null,
        },
      ],
      "fez_record_search_key_contributor": Array [
        Object {
          "rek_contributor": "Tyson, Gene W. ",
          "rek_contributor_id": 3204368,
          "rek_contributor_order": 1,
          "rek_contributor_pid": "UQ:407731",
          "rek_contributor_xsdmf_id": null,
        },
      ],
      "fez_record_search_key_contributor_id": Array [
        Object {
          "rek_contributor_id": 79391,
          "rek_contributor_id_id": 2381367,
          "rek_contributor_id_lookup": "Gene Tyson",
          "rek_contributor_id_order": 1,
          "rek_contributor_id_pid": "UQ:407731",
          "rek_contributor_id_xsdmf_id": null,
        },
      ],
      "fez_record_search_key_coverage_period": Array [],
      "fez_record_search_key_data_volume": null,
      "fez_record_search_key_datastream_policy": null,
      "fez_record_search_key_doi": Object {
        "rek_doi": "10.14264/uql.2016.841",
        "rek_doi_id": 1642473,
        "rek_doi_pid": "UQ:407731",
        "rek_doi_xsdmf_id": null,
      },
      "fez_record_search_key_end_date": Object {
        "rek_end_date": "2005-01-05 00:00:00",
        "rek_end_date_id": 8,
        "rek_end_date_pid": "UQ:162308",
        "rek_end_date_xsdmf_id": null,
      },
      "fez_record_search_key_file_attachment_access_condition": Array [],
      "fez_record_search_key_file_attachment_embargo_date": Array [],
      "fez_record_search_key_file_attachment_name": Array [
        Object {
          "rek_file_attachment_name": "FezACML_UQ_407731.xml",
          "rek_file_attachment_name_id": 4194724,
          "rek_file_attachment_name_order": 1,
          "rek_file_attachment_name_pid": "UQ:407731",
          "rek_file_attachment_name_xsdmf_id": null,
        },
        Object {
          "rek_file_attachment_name": "presmd_Supplemental_information.xml",
          "rek_file_attachment_name_id": 4194725,
          "rek_file_attachment_name_order": 2,
          "rek_file_attachment_name_pid": "UQ:407731",
          "rek_file_attachment_name_xsdmf_id": null,
        },
        Object {
          "rek_file_attachment_name": "presmd_Supp_Material.xml",
          "rek_file_attachment_name_id": 4194726,
          "rek_file_attachment_name_order": 3,
          "rek_file_attachment_name_pid": "UQ:407731",
          "rek_file_attachment_name_xsdmf_id": null,
        },
        Object {
          "rek_file_attachment_name": "presmd_Supp_Table_S16.xml",
          "rek_file_attachment_name_id": 4194727,
          "rek_file_attachment_name_order": 4,
          "rek_file_attachment_name_pid": "UQ:407731",
          "rek_file_attachment_name_xsdmf_id": null,
        },
        Object {
          "rek_file_attachment_name": "presmd_Supp_Table_S19.xml",
          "rek_file_attachment_name_id": 4194728,
          "rek_file_attachment_name_order": 5,
          "rek_file_attachment_name_pid": "UQ:407731",
          "rek_file_attachment_name_xsdmf_id": null,
        },
        Object {
          "rek_file_attachment_name": "presmd_Supp_Table_S20.xml",
          "rek_file_attachment_name_id": 4194729,
          "rek_file_attachment_name_order": 6,
          "rek_file_attachment_name_pid": "UQ:407731",
          "rek_file_attachment_name_xsdmf_id": null,
        },
        Object {
          "rek_file_attachment_name": "presmd_Supp_Table_S21.xml",
          "rek_file_attachment_name_id": 4194730,
          "rek_file_attachment_name_order": 7,
          "rek_file_attachment_name_pid": "UQ:407731",
          "rek_file_attachment_name_xsdmf_id": null,
        },
        Object {
          "rek_file_attachment_name": "presmd_Supp_Table_S22.xml",
          "rek_file_attachment_name_id": 4194731,
          "rek_file_attachment_name_order": 8,
          "rek_file_attachment_name_pid": "UQ:407731",
          "rek_file_attachment_name_xsdmf_id": null,
        },
        Object {
          "rek_file_attachment_name": "Supplemental_information.docx",
          "rek_file_attachment_name_id": 4194732,
          "rek_file_attachment_name_order": 9,
          "rek_file_attachment_name_pid": "UQ:407731",
          "rek_file_attachment_name_xsdmf_id": null,
        },
        Object {
          "rek_file_attachment_name": "Supp_Material.zip",
          "rek_file_attachment_name_id": 4194733,
          "rek_file_attachment_name_order": 10,
          "rek_file_attachment_name_pid": "UQ:407731",
          "rek_file_attachment_name_xsdmf_id": null,
        },
        Object {
          "rek_file_attachment_name": "Supp_Table_S16.xls",
          "rek_file_attachment_name_id": 4194734,
          "rek_file_attachment_name_order": 11,
          "rek_file_attachment_name_pid": "UQ:407731",
          "rek_file_attachment_name_xsdmf_id": null,
        },
        Object {
          "rek_file_attachment_name": "Supp_Table_S19.xls",
          "rek_file_attachment_name_id": 4194735,
          "rek_file_attachment_name_order": 12,
          "rek_file_attachment_name_pid": "UQ:407731",
          "rek_file_attachment_name_xsdmf_id": null,
        },
        Object {
          "rek_file_attachment_name": "Supp_Table_S20.xls",
          "rek_file_attachment_name_id": 4194736,
          "rek_file_attachment_name_order": 13,
          "rek_file_attachment_name_pid": "UQ:407731",
          "rek_file_attachment_name_xsdmf_id": null,
        },
        Object {
          "rek_file_attachment_name": "Supp_Table_S21.xls",
          "rek_file_attachment_name_id": 4194737,
          "rek_file_attachment_name_order": 14,
          "rek_file_attachment_name_pid": "UQ:407731",
          "rek_file_attachment_name_xsdmf_id": null,
        },
        Object {
          "rek_file_attachment_name": "Supp_Table_S22.xls",
          "rek_file_attachment_name_id": 4194738,
          "rek_file_attachment_name_order": 15,
          "rek_file_attachment_name_pid": "UQ:407731",
          "rek_file_attachment_name_xsdmf_id": null,
        },
      ],
      "fez_record_search_key_geographic_area": Array [
        Object {
          "rek_geographic_area": "153.050537,-27.352253",
          "rek_geographic_area_id": 18585,
          "rek_geographic_area_order": 1,
          "rek_geographic_area_pid": "UQ:407731",
          "rek_geographic_area_xsdmf_id": null,
        },
      ],
      "fez_record_search_key_grant_id": Array [
        Object {
          "rek_grant_id": "DP120103498",
          "rek_grant_id_id": 444,
          "rek_grant_id_order": 1,
          "rek_grant_id_pid": "UQ:407731",
          "rek_grant_id_xsdmf_id": null,
        },
        Object {
          "rek_grant_id": "DP1093175",
          "rek_grant_id_id": 445,
          "rek_grant_id_order": 2,
          "rek_grant_id_pid": "UQ:407731",
          "rek_grant_id_xsdmf_id": null,
        },
      ],
      "fez_record_search_key_has_derivations": Array [
        Object {
          "rek_has_derivations": "UQ:313292",
          "rek_has_derivations_lookup": "Toxicity characterization of urban stormwater with bioanalytical tools",
          "rek_has_derivations_order": 1,
          "rek_has_derivations_pid": "UQ:296498",
        },
      ],
      "fez_record_search_key_has_related_datasets": Array [
        Object {
          "rek_has_related_datasets": "UQ:313292",
          "rek_has_related_datasets_lookup": "Toxicity characterization of urban stormwater with bioanalytical tools",
          "rek_has_related_datasets_order": 1,
          "rek_has_related_datasets_pid": "UQ:296498",
        },
        Object {
          "rek_has_related_datasets": "UQ:313292",
          "rek_has_related_datasets_lookup": "dataset 2",
          "rek_has_related_datasets_order": 2,
          "rek_has_related_datasets_pid": "UQ:296498",
        },
      ],
      "fez_record_search_key_isdatasetof": Array [
        Object {
          "datasetSiblings": Array [
            Object {
              "rek_pid": "UQ:4",
              "rek_title": "Some other record which shares this isdatasetof",
            },
          ],
          "parent": Object {
            "fez_record_search_key_doi": null,
            "rek_display_type": "371",
            "rek_pid": "UQ:365357",
            "rek_title": "CheckM: assessing the quality of microbial genomes recovered from isolates, single cells, and metagenomes",
          },
          "rek_isdatasetof": "UQ:365357",
          "rek_isdatasetof_id": 3294,
          "rek_isdatasetof_lookup": "CheckM: assessing the quality of microbial genomes recovered from isolates, single cells, and metagenomes",
          "rek_isdatasetof_order": 1,
          "rek_isdatasetof_pid": "UQ:407731",
          "rek_isdatasetof_xsdmf_id": null,
        },
      ],
      "fez_record_search_key_isderivationof": Array [],
      "fez_record_search_key_ismemberof": Array [
        Object {
          "rek_ismemberof": "UQ:289097",
          "rek_ismemberof_id": 12043970,
          "rek_ismemberof_lookup": "Research Data Collections",
          "rek_ismemberof_order": 1,
          "rek_ismemberof_pid": "UQ:407731",
          "rek_ismemberof_xsdmf_id": null,
        },
        Object {
          "rek_ismemberof": "UQ:3825",
          "rek_ismemberof_id": 12043971,
          "rek_ismemberof_lookup": "School of Chemistry and Molecular Biosciences",
          "rek_ismemberof_order": 2,
          "rek_ismemberof_pid": "UQ:407731",
          "rek_ismemberof_xsdmf_id": null,
        },
      ],
      "fez_record_search_key_keywords": Array [
        Object {
          "rek_keywords": "Isolates",
          "rek_keywords_id": 29854347,
          "rek_keywords_order": 1,
          "rek_keywords_pid": "UQ:407731",
          "rek_keywords_xsdmf_id": null,
        },
        Object {
          "rek_keywords": "Single cells",
          "rek_keywords_id": 29854348,
          "rek_keywords_order": 2,
          "rek_keywords_pid": "UQ:407731",
          "rek_keywords_xsdmf_id": null,
        },
        Object {
          "rek_keywords": "Metagenomic data",
          "rek_keywords_id": 29854349,
          "rek_keywords_order": 3,
          "rek_keywords_pid": "UQ:407731",
          "rek_keywords_xsdmf_id": null,
        },
        Object {
          "rek_keywords": "Genome quality",
          "rek_keywords_id": 29854350,
          "rek_keywords_order": 4,
          "rek_keywords_pid": "UQ:407731",
          "rek_keywords_xsdmf_id": null,
        },
        Object {
          "rek_keywords": "CheckM",
          "rek_keywords_id": 29854351,
          "rek_keywords_order": 5,
          "rek_keywords_pid": "UQ:407731",
          "rek_keywords_xsdmf_id": null,
        },
      ],
      "fez_record_search_key_language": Array [
        Object {
          "rek_language": "eng",
          "rek_language_id": 5415217,
          "rek_language_order": 1,
          "rek_language_pid": "UQ:407731",
          "rek_language_xsdmf_id": null,
        },
      ],
      "fez_record_search_key_license": Object {
        "rek_license": 453701,
        "rek_license_id": 26396,
        "rek_license_pid": "UQ:407731",
        "rek_license_xsdmf_id": null,
      },
      "fez_record_search_key_link": Array [],
      "fez_record_search_key_link_description": Array [],
      "fez_record_search_key_project_description": Object {
        "rek_project_description": "ARC DP120103498 - (<30%) Genome sequencing has revolutionised biology, but for most microorganisms this revolution has not arrived because the majority cannot be grown in the laboratory. This project will address this grand challenge by targeted sequencing of single cells from the environment that will fill in many major gaps in the microbial tree of life.<br /><br />ARC DP1093175 - Microorganisms underpin life on Earth, but our understanding of their diversity and activity is limited by our inability to grow most of them in the laboratory. Recently, new techniques have emerged that allow access to the genetic information of all microorganisms by directly sequencing DNA and RNA from the environment. In this research we will further develop these frontier technologies, promoting this new area of science in Australia. We will apply these techniques to microbial communities involved in wastewater treatment in order to understand the interactions between microorganisms and the viruses that infect them. Understanding this interaction will have important implications for optimising these treatment processes. <br />",
        "rek_project_description_id": 3635,
        "rek_project_description_pid": "UQ:407731",
        "rek_project_description_xsdmf_id": null,
      },
      "fez_record_search_key_project_id": null,
      "fez_record_search_key_project_name": Object {
        "rek_project_name": "Toward a complete view of life on earth via single cell genomics",
        "rek_project_name_id": 3226,
        "rek_project_name_pid": "UQ:407731",
        "rek_project_name_xsdmf_id": null,
      },
      "fez_record_search_key_publisher": Object {
        "rek_publisher": "Cold Spring Harbor Laboratory Press",
        "rek_publisher_id": 4601714,
        "rek_publisher_pid": "UQ:407731",
        "rek_publisher_xsdmf_id": null,
      },
      "fez_record_search_key_related_datasets": Array [],
      "fez_record_search_key_rights": Object {
        "rek_rights": "2015, The University of Queensland",
        "rek_rights_id": 116537,
        "rek_rights_pid": "UQ:407731",
        "rek_rights_xsdmf_id": null,
      },
      "fez_record_search_key_seo_code": Array [
        Object {
          "rek_seo_code": 451600,
          "rek_seo_code_id": 866,
          "rek_seo_code_lookup": "970106 Expanding Knowledge in the Biological Sciences",
          "rek_seo_code_order": 1,
          "rek_seo_code_pid": "UQ:398336",
          "rek_seo_code_xsdmf_id": null,
        },
      ],
      "fez_record_search_key_software_required": Array [
        Object {
          "rek_software_required": "CheckM v0.9.4",
          "rek_software_required_id": 156,
          "rek_software_required_order": 1,
          "rek_software_required_pid": "UQ:407731",
          "rek_software_required_xsdmf_id": null,
        },
      ],
      "fez_record_search_key_start_date": Object {
        "rek_start_date": "2005-01-05 00:00:00",
        "rek_start_date_id": 8,
        "rek_start_date_pid": "UQ:162308",
        "rek_start_date_xsdmf_id": null,
      },
      "fez_record_search_key_subject": Array [
        Object {
          "rek_subject": 452086,
          "rek_subject_id": 8831,
          "rek_subject_order": 1,
          "rek_subject_pid": "UQ:407731",
          "rek_subject_xsdmf_id": null,
        },
        Object {
          "rek_subject": 452109,
          "rek_subject_id": 8832,
          "rek_subject_order": 2,
          "rek_subject_pid": "UQ:407731",
          "rek_subject_xsdmf_id": null,
        },
      ],
      "fez_record_search_key_time_period_end_date": Object {
        "rek_time_period_end_date": "2009-01-01T00:00:00Z",
        "rek_time_period_end_date_id": 867,
        "rek_time_period_end_date_pid": "UQ:407731",
        "rek_time_period_end_date_xsdmf_id": null,
      },
      "fez_record_search_key_time_period_start_date": Object {
        "rek_time_period_start_date": "2001-01-01T00:00:00Z",
        "rek_time_period_start_date_id": 965,
        "rek_time_period_start_date_pid": "UQ:407731",
        "rek_time_period_start_date_xsdmf_id": null,
      },
      "fez_record_search_key_type_of_data": Array [
        Object {
          "rek_type_of_data": "Text",
          "rek_type_of_data_id": 1111,
          "rek_type_of_data_order": 1,
          "rek_type_of_data_pid": "UQ:407731",
          "rek_type_of_data_xsdmf_id": null,
        },
        Object {
          "rek_type_of_data": "Figures",
          "rek_type_of_data_id": 1112,
          "rek_type_of_data_order": 2,
          "rek_type_of_data_pid": "UQ:407731",
          "rek_type_of_data_xsdmf_id": null,
        },
        Object {
          "rek_type_of_data": "Spreadsheets",
          "rek_type_of_data_id": 1113,
          "rek_type_of_data_order": 3,
          "rek_type_of_data_pid": "UQ:407731",
          "rek_type_of_data_xsdmf_id": null,
        },
        Object {
          "rek_type_of_data": "Python files",
          "rek_type_of_data_id": 1114,
          "rek_type_of_data_order": 4,
          "rek_type_of_data_pid": "UQ:407731",
          "rek_type_of_data_xsdmf_id": null,
        },
      ],
      "rek_altmetric_id": 0,
      "rek_altmetric_id_xsdmf_id": null,
      "rek_altmetric_score": 0,
      "rek_altmetric_score_xsdmf_id": null,
      "rek_citation": "<a class=\\"author_id_link\\" title=\\"Browse by Author ID for Parks, Donovan H.\\" href=\\"/list/author_id/96310/\\">Parks, Donovan H.</a>, <a class=\\"author_id_link\\" title=\\"Browse by Author ID for Imelfort, Michael\\" href=\\"/list/author_id/6366/\\">Imelfort, Michael</a>, <a class=\\"author_id_link\\" title=\\"Browse by Author ID for Skennerton, Connor T.\\" href=\\"/list/author_id/76682/\\">Skennerton, Connor T.</a>, <a class=\\"author_id_link\\" title=\\"Browse by Author ID for Hugenholtz, Philip\\" href=\\"/list/author_id/20288/\\">Hugenholtz, Philip</a> and <a class=\\"author_id_link\\" title=\\"Browse by Author ID for Tyson, Gene W.\\" href=\\"/list/author_id/79391/\\">Tyson, Gene W.</a> (<span class=\\"citation_date\\">2015</span>): <a class=\\"citation_title\\" title=\\"Click to view Data Collection: CheckM: assessing the quality of microbial genomes recovered from isolates, single cells, and metagenomes: supplemental material\\" href=\\"/view/UQ:407731\\">CheckM: assessing the quality of microbial genomes recovered from isolates, single cells, and metagenomes: supplemental material</a>. <span class=\\"citation_publisher\\">Cold Spring Harbor Laboratory Press</span>. <span class=\\"citation_ands_collection_type\\">Dataset</span>. doi:<span class=\\"citation_doi\\">10.14264/uql.2016.841</span>",
      "rek_copyright": "on",
      "rek_copyright_xsdmf_id": null,
      "rek_created_date": "2016-10-05T09:23:32Z",
      "rek_created_date_xsdmf_id": null,
      "rek_date": "2015-01-01T00:00:00Z",
      "rek_date_xsdmf_id": null,
      "rek_depositor": 5376,
      "rek_depositor_affiliation": null,
      "rek_depositor_affiliation_xsdmf_id": null,
      "rek_depositor_xsdmf_id": null,
      "rek_description": "<strong>Supplementary Results</strong><br />Refinement for Gene Loss and Duplication<br />Estimates under Opal Stop Codon Recodings<br /><br /><strong>Supplementary Methods</strong><br />Identification of Trusted Reference Genomes<br />Refining Marker Sets for Lineage-specific Gene Loss and Duplication<br />Determination of Coding Table<br />Systematic Bias of Completeness and Contamination Estimates<br /><br /><strong>Supplemental Figure S1.</strong> Distribution of the 104 bacterial and 281 gammaproteobacterial marker genes around the E. coli K12 genome.<br /><br /><strong>Supplemental Figure S2.</strong> Error in completeness and contamination estimates on simulated genomes with varying levels of completeness and contamination generated under the random contig model.<br /><br /><strong>Supplemental Figure S3.</strong> Error in completeness and contamination estimates on simulated genomes with varying levels of completeness and contamination generated under the inverse length model. <br /><br /><strong>Supplemental Figure S4. </strong>Maximum-likelihood genome tree inferred from 5656 reference genomes. <br /><br /><strong>Supplemental Figure S5. </strong>Error in completeness and contamination estimates on simulated genomes with varying levels of completeness and contamination generated under the random fragment model using a window size of 20 kbp.<br /><br /><strong>Supplemental Figure S6. </strong>Error in completeness and contamination estimates on simulated genomes with varying levels of completeness and contamination generated under the inverse length model. <br /><br /><strong>Supplemental Figure S7. </strong>Error in completeness and contamination estimates on simulated genomes from different phyla.<br /><br /><strong>Supplemental Figure S8. </strong>Bias in completeness and contamination estimates when modelled as a binomial distribution. <br /><br /><strong>Supplemental Figure S9. </strong>GC-distribution plots of the HMP Capnocytophaga sp. oral taxon 329 genome.<br /><br /><strong>Supplemental Figure S10. </strong>Phylogenetic placement of the two genomes (Cluster 0 and Cluster 1) identified within the HMP Capnocytophaga sp. oral taxon 329 genome.<br /><br /><strong>Supplemental Figure S11.</strong> Completeness estimates for 90 putative population genomes recovered from an acetate-amended aquifer.<br /><br /><strong>Supplemental Figure S12. </strong>Contamination estimates for 90 putative population genomes recovered from an acetate-amended aquifer.<br /><br /><strong>Supplemental Figure S13.</strong> Identification of the 213 marker genes within the Meyerdierks et al. (2010) ANME-1 genome.<br /><br /><strong>Supplemental Figure S14.</strong> Refining a marker set for lineage-specific gene loss and duplication. <br /><br /><strong>Supplemental Tables<br />Supplemental Table S1.</strong> Mean absolute error of completeness (comp.) and contamination (cont.) estimates determined using different universal- and domain-specific marker gene sets.<br /><br /><strong>Supplemental Table S2. </strong>Number of marker genes and marker sets for taxonomic groups with &ge; 20 reference genomes. <br /><br /><strong>Supplemental Table S3. </strong>Mean absolute error of completeness (comp.) and contamination (cont.) estimates determined using domain-specific marker genes treated individually (IM) or organized into collocated marker sets (MS). <br /><br /><br /><strong>Supplemental Table S4. </strong>Mean absolute error and standard deviation of completeness (comp.) and contamination (cont.) estimates determined using domain-specific marker genes treated individually (IM) or organized into collocated marker sets (MS).<br /><br /><strong>Supplemental Table S5.</strong> Mean absolute error and standard deviation of completeness (comp.) and contamination (cont.) estimates determined using domain-specific marker genes treated individually (IM) or organized into collocated marker sets (MS). <br /><br /><strong>Supplemental Table S6. </strong>Phylogenetically informative marker genes used to infer the reference genome tree <br />along with matching PhyloSift genes.<br /><br /><strong>Supplemental Table S7. </strong>Phylogenetically informative genes used in PhyloSift without a matching CheckM gene.<br /><br /><strong>Supplemental Table S8. </strong>Mean absolute error of completeness (comp.) and contamination (cont.) estimates determined using domain-specific marker sets (dms), the lineage-specific marker set selected by CheckM (sms), and the best performing lineage-specific marker set (bms).<br /><br /><strong>Supplemental Table S9.</strong> Mean absolute error and standard deviation of completeness (comp.) and contamination (cont.) estimates determined using domain-specific marker sets (dms), the lineage-specific marker set selected by CheckM (sms), and the best performing lineage-specific marker set (bms). <br /><br /><strong>Supplemental Table S10. </strong>Mean absolute error and standard deviation of completeness (comp.) and contamination (cont.) estimates determined using domain-specific marker sets (dms), the lineage-specific marker set selected by CheckM (sms), and the best performing lineage-specific marker set (bms).<br /><br /><br /><strong>Supplemental Table S11. </strong>Mean absolute error and standard deviation of completeness (comp.) and contamination (cont.) estimates determined using domain-specific marker sets (dms) and the lineage-specific marker set selected by CheckM (sms). <br /><br /><strong>Supplemental Table S12.</strong> Mean absolute error and standard deviation of completeness (comp.) and contamination (cont.) estimates determined using domain-specific marker sets (dms) and the lineage-specific marker sets selected by CheckM (sms). <br /><br /><br /><strong>Supplemental Table S13.</strong> Mean absolute error and standard deviation of completeness (comp.) and contamination (cont.) estimates determined using domain-specific marker sets (dms) and the lineage-specific marker sets selected by CheckM (sms).<br /><br /><strong>Supplemental Table S14. T</strong>axonomic rank of the selected lineage-specific marker set used for evaluating the quality of genomes at different degrees of taxonomic novelty. <br /><br /><strong>Supplemental Table S15. </strong>Mean absolute error and standard deviation of completeness (comp.) and contamination (cont.) estimates for simulated genomes at different degrees of taxonomic novelty.<br /><br /><strong>Supplemental Table S16. </strong>Lineage-specific completeness and contamination estimates for isolate genomes from large-scale sequencing initiatives.<br />(see Excel file)<br /><br /><strong>Supplemental Table S17</strong>. Completeness and contamination estimates of the Lactobacillus gasseri MV-22 genome for increasingly basal lineage-specific marker sets.<br /><br /><strong>Supplemental Table S18</strong>. Bacterial marker genes identified within the HMP Lactobacillus gasseri genomes. Markers missing from a genome or present in multiple copies are highlighted with a grey background. <br /><br /><strong>Supplemental Table S19</strong>. Lineage-specific completeness and contamination estimates for genomes annotated as finished at IMG, along with predicted translation tables and calculated coding density. (see Excel file)<br /><br /><strong>Supplemental Table S20</strong>: Lineage-specific completeness and contamination estimates for single-cell genomes from the GEBA-MDM initiative along with traditional assembly statistics. (see Excel file)<br /><br /><strong>Supplemental Table S21</strong>: Lineage-specific completeness and contamination estimates for population genomes, plasmids, and phage recovered from metagenomic datasets along with traditional assembly statistics. (see Excel file)<br /><br /><strong>Supplemental Table S22</strong>: Completeness and contamination estimates for population genomes recovered from an acetate-amended aquifer determined using domain-level and lineage-specific marker sets. (see Excel file)<br /><br /><br />",
      "rek_description_xsdmf_id": null,
      "rek_display_type": 371,
      "rek_display_type_lookup": "Data Collection",
      "rek_display_type_xsdmf_id": null,
      "rek_file_downloads": 0,
      "rek_formatted_abstract": null,
      "rek_formatted_abstract_xsdmf_id": null,
      "rek_formatted_title": null,
      "rek_formatted_title_xsdmf_id": null,
      "rek_genre": "Dataset Collection",
      "rek_genre_type": null,
      "rek_genre_type_xsdmf_id": null,
      "rek_genre_xsdmf_id": null,
      "rek_herdc_notes": null,
      "rek_herdc_notes_xsdmf_id": null,
      "rek_object_type": 3,
      "rek_object_type_lookup": "Record",
      "rek_object_type_xsdmf_id": null,
      "rek_pid": "UQ:407731",
      "rek_pubmed_doc_type": null,
      "rek_pubmed_doc_type_lookup": null,
      "rek_pubmed_doc_type_xsdmf_id": null,
      "rek_scopus_citation_count": null,
      "rek_scopus_doc_type": null,
      "rek_scopus_doc_type_lookup": null,
      "rek_scopus_doc_type_xsdmf_id": null,
      "rek_security_inherited": 1,
      "rek_status": 2,
      "rek_status_lookup": "Published",
      "rek_status_xsdmf_id": null,
      "rek_subtype": null,
      "rek_subtype_xsdmf_id": null,
      "rek_thomson_citation_count": null,
      "rek_thomson_citation_count_xsdmf_id": null,
      "rek_title": "Data collection mock testing record",
      "rek_title_xsdmf_id": null,
      "rek_updated_date": "2017-02-01T03:50:57Z",
      "rek_updated_date_xsdmf_id": null,
      "rek_wok_doc_type": null,
      "rek_wok_doc_type_lookup": null,
      "rek_wok_doc_type_xsdmf_id": null,
    }
  }
  showPublicationTitle={true}
  title="Available versions"
/>
`;
