// Jest Snapshot v1, https://goo.gl/fbAQLP

exports[`ScaleOfSignificanceForm component should render the default view 1`] = `
<WithStyles(ForwardRef(Grid))
  alignItems="center"
  container={true}
  display="row"
  spacing={2}
>
  <WithStyles(ForwardRef(Grid))
    item={true}
    xs={12}
  >
    <Alert
      allowDismiss={false}
      customIcon={null}
      customType={null}
      disableAlertClick={false}
      dismissTitle="Click to dismiss this alert"
      message="Unexpected error"
      showLoader={false}
      type="error"
      wiggle={null}
    />
  </WithStyles(ForwardRef(Grid))>
  <WithStyles(ForwardRef(Grid))
    item={true}
    style={
      Object {
        "flexGrow": 1,
      }
    }
    xs={12}
  >
    <Memo(NewGenericSelectField)
      error={false}
      fullWidth={true}
      genericSelectFieldId="rek-significance"
      itemsList={
        Array [
          Object {
            "text": "Minor",
            "value": 454027,
          },
          Object {
            "text": "Major",
            "value": 454026,
          },
        ]
      }
      name="key"
      onChange={[Function]}
      value={null}
    />
  </WithStyles(ForwardRef(Grid))>
  <WithStyles(ForwardRef(Grid))
    item={true}
    xs={12}
  >
    <RichEditor
      className=""
      disabled={false}
      error={false}
      fullWidth={true}
      height={100}
      id=""
      inputRef={
        Object {
          "current": null,
        }
      }
      instanceRef={
        Object {
          "current": null,
        }
      }
      name="value"
      onChange={[Function]}
      onKeyPress={[Function]}
      required={false}
      returnSingleValue={false}
      richEditorId="rek-creator-contribution-statement"
      titleProps={
        Object {
          "style": Object {
            "opacity": 0.666,
          },
          "variant": "caption",
        }
      }
      value=""
    />
  </WithStyles(ForwardRef(Grid))>
  <WithStyles(ForwardRef(Grid))
    item={true}
    xs={12}
  >
    <WithStyles(ForwardRef(Button))
      color="primary"
      data-testid="rek-significance-add"
      fullWidth={true}
      id="add-items"
      onClick={[Function]}
      variant="contained"
    />
  </WithStyles(ForwardRef(Grid))>
</WithStyles(ForwardRef(Grid))>
`;
