// Jest Snapshot v1, https://goo.gl/fbAQLP

exports[`CreativeWorkCitation renders  component with a mock espace record 1`] = `
<div>
  <div
    class="citationContent citationCreativeWork"
  >
    <span
      class="citationAuthors"
    >
      <span
        class="citationAuthor"
        data-testid="rek-author-0"
      >
        Webster-Mannison, Marci
      </span>
       
    </span>
    <span
      class="citationDate"
    >
      (
      2006
      ).
    </span>
    <span
      class="citationTitle"
    >
       
      Sustainable home Brisbane
      .
    </span>
    <span
      class="citationPlaceOfPublication"
    >
       
      St Lucia, Brisbane, QLD, Australia
      :
    </span>
    <span
      class="citationPublisher"
    >
       
      School of Architecture, The University of Queensland
      .
    </span>
  </div>
</div>
`;

exports[`CreativeWorkCitation renders  component with empty publication 1`] = `
<div>
  <div
    class="citationContent citationCreativeWork"
  >
    <span
      class="citationAuthors empty"
    />
    <span
      class="citationDate empty"
    />
    <span
      class="citationTitle empty"
    />
    <span
      class="citationPlaceOfPublication empty"
    />
    <span
      class="citationPublisher empty"
    />
  </div>
</div>
`;
