// Jest Snapshot v1, https://goo.gl/fbAQLP

exports[`VideoDocumentCitation renders  component with a mock espace record 1`] = `
<div>
  <div
    class="citationContent citationVideo"
  >
    <span
      class="citationAuthors"
    >
      <span
        class="citationAuthor"
        data-testid="rek-author-0"
      >
        Walters, S.
      </span>
       
    </span>
    <span
      class="citationDate"
    >
      (
      2002
      ).
    </span>
    <span
      class="citationTitle"
    >
       
      Video 12: 1) Discovery History and Geology of the Cannington Ag-Pb-Zn Deposit 2) Advances in Micro-Analytical Technologies â€” What a grain can tell you
      .
    </span>
    <span
      class="citationSeries"
    >
       
      SEG Special Publication Video Series
      .
    </span>
  </div>
</div>
`;

exports[`VideoDocumentCitation renders  component with empty publication 1`] = `
<div>
  <div
    class="citationContent citationVideo"
  >
    <span
      class="citationAuthors empty"
    />
    <span
      class="citationDate empty"
    />
    <span
      class="citationTitle empty"
    />
    <span
      class="citationSeries empty"
    />
  </div>
</div>
`;
